---
source: src/format.rs
expression: formatted
---
{
    h1 // 2
    { // 3
        "Hello world" // 4
    } // 5
}
