---
source: src/format.rs
expression: formatted
---
{
    h1 {
        "Hello world"

        "Lorem ipsum"
    }
}
