---
source: src/format.rs
expression: formatted
---
{
    input /**/; // a
    input /**/ // asd
    ; // b
    input /**/;
}
