---
source: src/format.rs
expression: formatted
---
{ /* 1 */ h1 /* 2 */ { /* 3 */ "Hello world" /* 4 */ /* 5 */ } /* 6 */ }
